10:15:49 **** Incremental Build of configuration Debug for project MD5 ****
make all 
'Building file: ../src/helloworld.c'
'Invoking: MicroBlaze gcc compiler'
mb-gcc -Wall -O0 -g3 -c -fmessage-length=0 -MT"src/helloworld.o" -IC:/Xilinx/Projects/MD5/mb_design_wrapper/export/mb_design_wrapper/sw/mb_design_wrapper/standalone_domain/bspinclude/include -mlittle-endian -mxl-barrel-shift -mno-xl-soft-div -mcpu=v11.0 -mno-xl-soft-mul -Wl,--no-relax -ffunction-sections -fdata-sections -MMD -MP -MF"src/helloworld.d" -MT"src/helloworld.o" -o "src/helloworld.o" "../src/helloworld.c"
../src/helloworld.c: In function 'Md5Sw':
../src/helloworld.c:197:26: warning: passing argument 1 of 'md5' from incompatible pointer type [-Wincompatible-pointer-types]
   struct word128 w = md5(p, sizeof(*p));
                          ^
../src/helloworld.c:73:35: note: expected 'unsigned char *' but argument is of type 'int *'
 struct word128 md5(unsigned char *initial_msg, unsigned long initial_len)
                    ~~~~~~~~~~~~~~~^~~~~~~~~~~
../src/helloworld.c: In function 'CheckMd5':
../src/helloworld.c:219:26: warning: passing argument 1 of 'md5' from incompatible pointer type [-Wincompatible-pointer-types]
   struct word128 w = md5(p, sizeof(*p));
                          ^
../src/helloworld.c:73:35: note: expected 'unsigned char *' but argument is of type 'int *'
 struct word128 md5(unsigned char *initial_msg, unsigned long initial_len)
                    ~~~~~~~~~~~~~~~^~~~~~~~~~~
'Finished building: ../src/helloworld.c'
' '
'Building target: MD5.elf'
'Invoking: MicroBlaze gcc linker'
mb-gcc -Wl,-T -Wl,../src/lscript.ld -LC:/Xilinx/Projects/MD5/mb_design_wrapper/export/mb_design_wrapper/sw/mb_design_wrapper/standalone_domain/bsplib/lib -mlittle-endian -mxl-barrel-shift -mno-xl-soft-div -mcpu=v11.0 -mno-xl-soft-mul -Wl,--no-relax -Wl,--gc-sections -o "MD5.elf"  ./src/helloworld.o ./src/platform.o   -Wl,--start-group,-lxil,-lgcc,-lc,--end-group
'Finished building target: MD5.elf'
' '
'Invoking: MicroBlaze Print Size'
mb-size MD5.elf  |tee "MD5.elf.size"
   text	   data	    bss	    dec	    hex	filename
  20384	   1752	  32864	  55000	   d6d8	MD5.elf
'Finished building: MD5.elf.size'
' '

10:15:51 Build Finished (took 2s.672ms)

