17:20:25 **** Incremental Build of configuration Debug for project MD5 ****
make all 
'Building file: ../src/helloworld.c'
'Invoking: MicroBlaze gcc compiler'
mb-gcc -Wall -O0 -g3 -c -fmessage-length=0 -MT"src/helloworld.o" -IC:/Xilinx/Projects/MD5/mb_design_wrapper/export/mb_design_wrapper/sw/mb_design_wrapper/standalone_domain/bspinclude/include -mlittle-endian -mxl-barrel-shift -mno-xl-soft-div -mcpu=v11.0 -mno-xl-soft-mul -Wl,--no-relax -ffunction-sections -fdata-sections -MMD -MP -MF"src/helloworld.d" -MT"src/helloworld.o" -o "src/helloworld.o" "../src/helloworld.c"
../src/helloworld.c: In function 'md5':
../src/helloworld.c:176:21: warning: variable 'p2' set but not used [-Wunused-but-set-variable]
  uint8_t *p0, *p1, *p2, *p3;
                     ^~
../src/helloworld.c:176:16: warning: variable 'p1' set but not used [-Wunused-but-set-variable]
  uint8_t *p0, *p1, *p2, *p3;
                ^~
../src/helloworld.c:176:11: warning: variable 'p0' set but not used [-Wunused-but-set-variable]
  uint8_t *p0, *p1, *p2, *p3;
           ^~
../src/helloworld.c: In function 'Md5Sw':
../src/helloworld.c:195:18: warning: passing argument 1 of 'md5' from incompatible pointer type [-Wincompatible-pointer-types]
      *pDst = md5(p, sizeof(*p));
                  ^
../src/helloworld.c:66:33: note: expected 'unsigned char *' but argument is of type 'int *'
 unsigned int md5(unsigned char *initial_msg, unsigned long initial_len)
                  ~~~~~~~~~~~~~~~^~~~~~~~~~~
../src/helloworld.c: In function 'CheckMd5':
../src/helloworld.c:209:14: warning: passing argument 1 of 'md5' from incompatible pointer type [-Wincompatible-pointer-types]
   pDst = md5(p, sizeof(*p));
              ^
../src/helloworld.c:66:33: note: expected 'unsigned char *' but argument is of type 'int *'
 unsigned int md5(unsigned char *initial_msg, unsigned long initial_len)
                  ~~~~~~~~~~~~~~~^~~~~~~~~~~
'Finished building: ../src/helloworld.c'
' '
'Building target: MD5.elf'
'Invoking: MicroBlaze gcc linker'
mb-gcc -Wl,-T -Wl,../src/lscript.ld -LC:/Xilinx/Projects/MD5/mb_design_wrapper/export/mb_design_wrapper/sw/mb_design_wrapper/standalone_domain/bsplib/lib -mlittle-endian -mxl-barrel-shift -mno-xl-soft-div -mcpu=v11.0 -mno-xl-soft-mul -Wl,--no-relax -Wl,--gc-sections -o "MD5.elf"  ./src/helloworld.o ./src/platform.o   -Wl,--start-group,-lxil,-lgcc,-lc,--end-group
'Finished building target: MD5.elf'
' '
'Invoking: MicroBlaze Print Size'
mb-size MD5.elf  |tee "MD5.elf.size"
   text	   data	    bss	    dec	    hex	filename
  19428	   1752	  32868	  54048	   d320	MD5.elf
'Finished building: MD5.elf.size'
' '

17:20:27 Build Finished (took 1s.782ms)

