Nothing to build in platform 'mb_design_wrapper'

01:41:37 **** Incremental Build of configuration Release for project MD5App ****
make all 
'Building file: ../src/helloworld.c'
'Invoking: MicroBlaze gcc compiler'
mb-gcc -Wall -O2 -c -fmessage-length=0 -MT"src/helloworld.o" -IC:/Users/catar/Desktop/git/md5-hardware/Md5Demo/mb_design_wrapper/export/mb_design_wrapper/sw/mb_design_wrapper/standalone_domain/bspinclude/include -mlittle-endian -mxl-barrel-shift -mxl-pattern-compare -mno-xl-soft-div -mcpu=v11.0 -mno-xl-soft-mul -Wl,--no-relax -ffunction-sections -fdata-sections -MMD -MP -MF"src/helloworld.d" -MT"src/helloworld.o" -o "src/helloworld.o" "../src/helloworld.c"
'Finished building: ../src/helloworld.c'
' '
'Building target: MD5App.elf'
'Invoking: MicroBlaze gcc linker'
mb-gcc -Wl,-T -Wl,../src/lscript.ld -LC:/Users/catar/Desktop/git/md5-hardware/Md5Demo/mb_design_wrapper/export/mb_design_wrapper/sw/mb_design_wrapper/standalone_domain/bsplib/lib -mlittle-endian -mxl-barrel-shift -mxl-pattern-compare -mno-xl-soft-div -mcpu=v11.0 -mno-xl-soft-mul -Wl,--no-relax -Wl,--gc-sections -o "MD5App.elf"  ./src/helloworld.o ./src/platform.o   -Wl,--start-group,-lxil,-lgcc,-lc,--end-group
'Finished building target: MD5App.elf'
' '
'Invoking: MicroBlaze Print Size'
mb-size MD5App.elf  |tee "MD5App.elf.size"
   text	   data	    bss	    dec	    hex	filename
  14516	   1900	   3176	  19592	   4c88	MD5App.elf
'Finished building: MD5App.elf.size'
' '
01:41:39 **** Incremental Build of configuration Debug for project MD5App_system ****
make all 
Skipping SD card image generation. Reason: "The system project only has applications for microblaze processors."
